0.00267
0.680375
13.8251
0.004551
0.680375
5.79654
0.00842
0.680375
3.42435
0.01839
0.680375
-13.2812
0.036501
0.680375
-96.7599
0.085721
0.680375
-106.838
0.154222
0.680375
-116.986
0.309975
0.680375
-50.5854
0.622179
0.680375
4.35831
1.25515
0.680375
136.624
1.82928
0.680375
-5.17454
3.03607
0.680375
-265.819
7.20897
0.680375
76.0494
10.2467
0.680375
507.374
19.9251
0.680375
953.271
39.6222
0.680375
156.965
86.6687
0.680375
2759.12
164.229
0.680375
2890.23
310.473
0.680375
-4645.56
638.994
0.680375
15235.8
1299.59
0.680375
18906.8
